// Jest Snapshot v1, https://goo.gl/fbAQLP

exports[`Spartacus Product schematics: ng-add BulkPricing feature eager loading should import appropriate modules 1`] = `
"import { NgModule } from '@angular/core';
import { I18nConfig, provideConfig } from \\"@spartacus/core\\";
import { BulkPricingModule } from \\"@spartacus/product/bulk-pricing\\";
import { bulkPricingTranslationChunksConfig, bulkPricingTranslations } from \\"@spartacus/product/bulk-pricing/assets\\";
import { BulkPricingRootModule } from \\"@spartacus/product/bulk-pricing/root\\";

@NgModule({
  declarations: [],
  imports: [
    BulkPricingRootModule,
    BulkPricingModule
  ],
  providers: [provideConfig(<I18nConfig>{
    i18n: {
      resources: bulkPricingTranslations,
      chunks: bulkPricingTranslationChunksConfig,
    },
  })]
})
export class ProductBulkPricingFeatureModule { }
"
`;

exports[`Spartacus Product schematics: ng-add BulkPricing feature general setup b2b features configuration should be added 1`] = `
"import { NgModule } from '@angular/core';
import { translationChunksConfig, translations } from \\"@spartacus/assets\\";
import { FeaturesConfig, I18nConfig, OccConfig, provideConfig, SiteContextConfig } from \\"@spartacus/core\\";
import { defaultB2bOccConfig } from \\"@spartacus/setup\\";
import { defaultCmsContentProviders, layoutConfig, mediaConfig } from \\"@spartacus/storefront\\";

@NgModule({
  declarations: [],
  imports: [
  ],
  providers: [provideConfig(layoutConfig), provideConfig(mediaConfig), ...defaultCmsContentProviders, provideConfig(<OccConfig>{
    backend: {
      occ: {
        baseUrl: 'https://localhost:9002',
      }
    },
  }), provideConfig(<SiteContextConfig>{
    context: {},
  }), provideConfig(<I18nConfig>{
    i18n: {
      resources: translations,
      chunks: translationChunksConfig,
      fallbackLang: 'en'
    },
  }), provideConfig(<FeaturesConfig>{
    features: {
      level: '4.1'
    }
  }), provideConfig(defaultB2bOccConfig)]
})
export class SpartacusConfigurationModule { }
"
`;

exports[`Spartacus Product schematics: ng-add BulkPricing feature general setup should add the feature using the lazy loading syntax 1`] = `
"import { NgModule } from '@angular/core';
import { CmsConfig, I18nConfig, provideConfig } from \\"@spartacus/core\\";
import { bulkPricingTranslationChunksConfig, bulkPricingTranslations } from \\"@spartacus/product/bulk-pricing/assets\\";
import { BulkPricingRootModule, PRODUCT_BULK_PRICING_FEATURE } from \\"@spartacus/product/bulk-pricing/root\\";

@NgModule({
  declarations: [],
  imports: [
    BulkPricingRootModule
  ],
  providers: [provideConfig(<CmsConfig>{
    featureModules: {
      [PRODUCT_BULK_PRICING_FEATURE]: {
        module: () =>
          import('@spartacus/product/bulk-pricing').then((m) => m.BulkPricingModule),
      },
    }
  }),
  provideConfig(<I18nConfig>{
    i18n: {
      resources: bulkPricingTranslations,
      chunks: bulkPricingTranslationChunksConfig,
    },
  })
  ]
})
export class ProductBulkPricingFeatureModule { }
"
`;

exports[`Spartacus Product schematics: ng-add BulkPricing feature general setup styling should create a proper scss file 1`] = `"@import \\"@spartacus/product\\";"`;

exports[`Spartacus Product schematics: ng-add BulkPricing feature general setup styling should update angular.json 1`] = `
"{
  \\"$schema\\": \\"./node_modules/@angular/cli/lib/config/schema.json\\",
  \\"version\\": 1,
  \\"newProjectRoot\\": \\"\\",
  \\"projects\\": {
    \\"schematics-test\\": {
      \\"projectType\\": \\"application\\",
      \\"schematics\\": {
        \\"@schematics/angular:component\\": {
          \\"style\\": \\"scss\\"
        }
      },
      \\"root\\": \\"\\",
      \\"sourceRoot\\": \\"src\\",
      \\"prefix\\": \\"app\\",
      \\"architect\\": {
        \\"build\\": {
          \\"builder\\": \\"@angular-devkit/build-angular:browser\\",
          \\"options\\": {
            \\"outputPath\\": \\"dist/schematics-test\\",
            \\"index\\": \\"src/index.html\\",
            \\"main\\": \\"src/main.ts\\",
            \\"polyfills\\": \\"src/polyfills.ts\\",
            \\"tsConfig\\": \\"tsconfig.app.json\\",
            \\"inlineStyleLanguage\\": \\"scss\\",
            \\"assets\\": [
              \\"src/favicon.ico\\",
              \\"src/assets\\"
            ],
            \\"styles\\": [
              \\"src/styles.scss\\",
              \\"src/styles/spartacus/product.scss\\"
            ],
            \\"scripts\\": [],
            \\"stylePreprocessorOptions\\": {
              \\"includePaths\\": [
                \\"node_modules/\\"
              ]
            }
          },
          \\"configurations\\": {
            \\"production\\": {
              \\"budgets\\": [
                {
                  \\"type\\": \\"initial\\",
                  \\"maximumWarning\\": \\"500kb\\",
                  \\"maximumError\\": \\"2.5mb\\"
                },
                {
                  \\"type\\": \\"anyComponentStyle\\",
                  \\"maximumWarning\\": \\"2kb\\",
                  \\"maximumError\\": \\"4kb\\"
                }
              ],
              \\"fileReplacements\\": [
                {
                  \\"replace\\": \\"src/environments/environment.ts\\",
                  \\"with\\": \\"src/environments/environment.prod.ts\\"
                }
              ],
              \\"outputHashing\\": \\"all\\"
            },
            \\"development\\": {
              \\"buildOptimizer\\": false,
              \\"optimization\\": false,
              \\"vendorChunk\\": true,
              \\"extractLicenses\\": false,
              \\"sourceMap\\": true,
              \\"namedChunks\\": true
            }
          },
          \\"defaultConfiguration\\": \\"production\\"
        },
        \\"serve\\": {
          \\"builder\\": \\"@angular-devkit/build-angular:dev-server\\",
          \\"configurations\\": {
            \\"production\\": {
              \\"browserTarget\\": \\"schematics-test:build:production\\"
            },
            \\"development\\": {
              \\"browserTarget\\": \\"schematics-test:build:development\\"
            }
          },
          \\"defaultConfiguration\\": \\"development\\"
        },
        \\"extract-i18n\\": {
          \\"builder\\": \\"@angular-devkit/build-angular:extract-i18n\\",
          \\"options\\": {
            \\"browserTarget\\": \\"schematics-test:build\\"
          }
        },
        \\"test\\": {
          \\"builder\\": \\"@angular-devkit/build-angular:karma\\",
          \\"options\\": {
            \\"main\\": \\"src/test.ts\\",
            \\"polyfills\\": \\"src/polyfills.ts\\",
            \\"tsConfig\\": \\"tsconfig.spec.json\\",
            \\"karmaConfig\\": \\"karma.conf.js\\",
            \\"inlineStyleLanguage\\": \\"scss\\",
            \\"assets\\": [
              \\"src/favicon.ico\\",
              \\"src/assets\\"
            ],
            \\"styles\\": [
              \\"src/styles.scss\\",
              \\"src/styles/spartacus/product.scss\\"
            ],
            \\"scripts\\": [],
            \\"stylePreprocessorOptions\\": {
              \\"includePaths\\": [
                \\"node_modules/\\"
              ]
            }
          }
        }
      }
    }
  }
}"
`;

exports[`Spartacus Product schematics: ng-add ImageZoom feature eager loading should import appropriate modules 1`] = `
"import { NgModule } from '@angular/core';
import { I18nConfig, provideConfig } from \\"@spartacus/core\\";
import { ProductImageZoomModule } from \\"@spartacus/product/image-zoom\\";
import { productImageZoomTranslationChunksConfig, productImageZoomTranslations } from \\"@spartacus/product/image-zoom/assets\\";
import { ProductImageZoomRootModule } from \\"@spartacus/product/image-zoom/root\\";

@NgModule({
  declarations: [],
  imports: [
    ProductImageZoomRootModule,
    ProductImageZoomModule
  ],
  providers: [provideConfig(<I18nConfig>{
    i18n: {
      resources: productImageZoomTranslations,
      chunks: productImageZoomTranslationChunksConfig,
    },
  })]
})
export class ProductImageZoomFeatureModule { }
"
`;

exports[`Spartacus Product schematics: ng-add ImageZoom feature general setup should add the feature using the lazy loading syntax 1`] = `
"import { NgModule } from '@angular/core';
import { CmsConfig, I18nConfig, provideConfig } from \\"@spartacus/core\\";
import { productImageZoomTranslationChunksConfig, productImageZoomTranslations } from \\"@spartacus/product/image-zoom/assets\\";
import { ProductImageZoomRootModule, PRODUCT_IMAGE_ZOOM_FEATURE } from \\"@spartacus/product/image-zoom/root\\";

@NgModule({
  declarations: [],
  imports: [
    ProductImageZoomRootModule
  ],
  providers: [provideConfig(<CmsConfig>{
    featureModules: {
      [PRODUCT_IMAGE_ZOOM_FEATURE]: {
        module: () =>
          import('@spartacus/product/image-zoom').then((m) => m.ProductImageZoomModule),
      },
    }
  }),
  provideConfig(<I18nConfig>{
    i18n: {
      resources: productImageZoomTranslations,
      chunks: productImageZoomTranslationChunksConfig,
    },
  })
  ]
})
export class ProductImageZoomFeatureModule { }
"
`;

exports[`Spartacus Product schematics: ng-add ImageZoom feature general setup styling should create a proper scss file 1`] = `"@import \\"@spartacus/product\\";"`;

exports[`Spartacus Product schematics: ng-add ImageZoom feature general setup styling should update angular.json 1`] = `
"{
  \\"$schema\\": \\"./node_modules/@angular/cli/lib/config/schema.json\\",
  \\"version\\": 1,
  \\"newProjectRoot\\": \\"\\",
  \\"projects\\": {
    \\"schematics-test\\": {
      \\"projectType\\": \\"application\\",
      \\"schematics\\": {
        \\"@schematics/angular:component\\": {
          \\"style\\": \\"scss\\"
        }
      },
      \\"root\\": \\"\\",
      \\"sourceRoot\\": \\"src\\",
      \\"prefix\\": \\"app\\",
      \\"architect\\": {
        \\"build\\": {
          \\"builder\\": \\"@angular-devkit/build-angular:browser\\",
          \\"options\\": {
            \\"outputPath\\": \\"dist/schematics-test\\",
            \\"index\\": \\"src/index.html\\",
            \\"main\\": \\"src/main.ts\\",
            \\"polyfills\\": \\"src/polyfills.ts\\",
            \\"tsConfig\\": \\"tsconfig.app.json\\",
            \\"inlineStyleLanguage\\": \\"scss\\",
            \\"assets\\": [
              \\"src/favicon.ico\\",
              \\"src/assets\\"
            ],
            \\"styles\\": [
              \\"src/styles.scss\\",
              \\"src/styles/spartacus/product.scss\\"
            ],
            \\"scripts\\": [],
            \\"stylePreprocessorOptions\\": {
              \\"includePaths\\": [
                \\"node_modules/\\"
              ]
            }
          },
          \\"configurations\\": {
            \\"production\\": {
              \\"budgets\\": [
                {
                  \\"type\\": \\"initial\\",
                  \\"maximumWarning\\": \\"500kb\\",
                  \\"maximumError\\": \\"2.5mb\\"
                },
                {
                  \\"type\\": \\"anyComponentStyle\\",
                  \\"maximumWarning\\": \\"2kb\\",
                  \\"maximumError\\": \\"4kb\\"
                }
              ],
              \\"fileReplacements\\": [
                {
                  \\"replace\\": \\"src/environments/environment.ts\\",
                  \\"with\\": \\"src/environments/environment.prod.ts\\"
                }
              ],
              \\"outputHashing\\": \\"all\\"
            },
            \\"development\\": {
              \\"buildOptimizer\\": false,
              \\"optimization\\": false,
              \\"vendorChunk\\": true,
              \\"extractLicenses\\": false,
              \\"sourceMap\\": true,
              \\"namedChunks\\": true
            }
          },
          \\"defaultConfiguration\\": \\"production\\"
        },
        \\"serve\\": {
          \\"builder\\": \\"@angular-devkit/build-angular:dev-server\\",
          \\"configurations\\": {
            \\"production\\": {
              \\"browserTarget\\": \\"schematics-test:build:production\\"
            },
            \\"development\\": {
              \\"browserTarget\\": \\"schematics-test:build:development\\"
            }
          },
          \\"defaultConfiguration\\": \\"development\\"
        },
        \\"extract-i18n\\": {
          \\"builder\\": \\"@angular-devkit/build-angular:extract-i18n\\",
          \\"options\\": {
            \\"browserTarget\\": \\"schematics-test:build\\"
          }
        },
        \\"test\\": {
          \\"builder\\": \\"@angular-devkit/build-angular:karma\\",
          \\"options\\": {
            \\"main\\": \\"src/test.ts\\",
            \\"polyfills\\": \\"src/polyfills.ts\\",
            \\"tsConfig\\": \\"tsconfig.spec.json\\",
            \\"karmaConfig\\": \\"karma.conf.js\\",
            \\"inlineStyleLanguage\\": \\"scss\\",
            \\"assets\\": [
              \\"src/favicon.ico\\",
              \\"src/assets\\"
            ],
            \\"styles\\": [
              \\"src/styles.scss\\",
              \\"src/styles/spartacus/product.scss\\"
            ],
            \\"scripts\\": [],
            \\"stylePreprocessorOptions\\": {
              \\"includePaths\\": [
                \\"node_modules/\\"
              ]
            }
          }
        }
      }
    }
  }
}"
`;

exports[`Spartacus Product schematics: ng-add Variants feature eager loading should import appropriate modules 1`] = `
"import { NgModule } from '@angular/core';
import { I18nConfig, provideConfig } from \\"@spartacus/core\\";
import { ProductVariantsModule } from \\"@spartacus/product/variants\\";
import { productVariantsTranslationChunksConfig, productVariantsTranslations } from \\"@spartacus/product/variants/assets\\";
import { ProductVariantsRootModule } from \\"@spartacus/product/variants/root\\";

@NgModule({
  declarations: [],
  imports: [
    ProductVariantsRootModule,
    ProductVariantsModule
  ],
  providers: [provideConfig(<I18nConfig>{
    i18n: {
      resources: productVariantsTranslations,
      chunks: productVariantsTranslationChunksConfig,
    },
  })]
})
export class ProductVariantsFeatureModule { }
"
`;

exports[`Spartacus Product schematics: ng-add Variants feature general setup should add the feature using the lazy loading syntax 1`] = `
"import { NgModule } from '@angular/core';
import { CmsConfig, I18nConfig, provideConfig } from \\"@spartacus/core\\";
import { productVariantsTranslationChunksConfig, productVariantsTranslations } from \\"@spartacus/product/variants/assets\\";
import { ProductVariantsRootModule, PRODUCT_VARIANTS_FEATURE } from \\"@spartacus/product/variants/root\\";

@NgModule({
  declarations: [],
  imports: [
    ProductVariantsRootModule
  ],
  providers: [provideConfig(<CmsConfig>{
    featureModules: {
      [PRODUCT_VARIANTS_FEATURE]: {
        module: () =>
          import('@spartacus/product/variants').then((m) => m.ProductVariantsModule),
      },
    }
  }),
  provideConfig(<I18nConfig>{
    i18n: {
      resources: productVariantsTranslations,
      chunks: productVariantsTranslationChunksConfig,
    },
  })
  ]
})
export class ProductVariantsFeatureModule { }
"
`;

exports[`Spartacus Product schematics: ng-add Variants feature general setup styling should create a proper scss file 1`] = `"@import \\"@spartacus/product\\";"`;

exports[`Spartacus Product schematics: ng-add Variants feature general setup styling should update angular.json 1`] = `
"{
  \\"$schema\\": \\"./node_modules/@angular/cli/lib/config/schema.json\\",
  \\"version\\": 1,
  \\"newProjectRoot\\": \\"\\",
  \\"projects\\": {
    \\"schematics-test\\": {
      \\"projectType\\": \\"application\\",
      \\"schematics\\": {
        \\"@schematics/angular:component\\": {
          \\"style\\": \\"scss\\"
        }
      },
      \\"root\\": \\"\\",
      \\"sourceRoot\\": \\"src\\",
      \\"prefix\\": \\"app\\",
      \\"architect\\": {
        \\"build\\": {
          \\"builder\\": \\"@angular-devkit/build-angular:browser\\",
          \\"options\\": {
            \\"outputPath\\": \\"dist/schematics-test\\",
            \\"index\\": \\"src/index.html\\",
            \\"main\\": \\"src/main.ts\\",
            \\"polyfills\\": \\"src/polyfills.ts\\",
            \\"tsConfig\\": \\"tsconfig.app.json\\",
            \\"inlineStyleLanguage\\": \\"scss\\",
            \\"assets\\": [
              \\"src/favicon.ico\\",
              \\"src/assets\\"
            ],
            \\"styles\\": [
              \\"src/styles.scss\\",
              \\"src/styles/spartacus/product.scss\\"
            ],
            \\"scripts\\": [],
            \\"stylePreprocessorOptions\\": {
              \\"includePaths\\": [
                \\"node_modules/\\"
              ]
            }
          },
          \\"configurations\\": {
            \\"production\\": {
              \\"budgets\\": [
                {
                  \\"type\\": \\"initial\\",
                  \\"maximumWarning\\": \\"500kb\\",
                  \\"maximumError\\": \\"2.5mb\\"
                },
                {
                  \\"type\\": \\"anyComponentStyle\\",
                  \\"maximumWarning\\": \\"2kb\\",
                  \\"maximumError\\": \\"4kb\\"
                }
              ],
              \\"fileReplacements\\": [
                {
                  \\"replace\\": \\"src/environments/environment.ts\\",
                  \\"with\\": \\"src/environments/environment.prod.ts\\"
                }
              ],
              \\"outputHashing\\": \\"all\\"
            },
            \\"development\\": {
              \\"buildOptimizer\\": false,
              \\"optimization\\": false,
              \\"vendorChunk\\": true,
              \\"extractLicenses\\": false,
              \\"sourceMap\\": true,
              \\"namedChunks\\": true
            }
          },
          \\"defaultConfiguration\\": \\"production\\"
        },
        \\"serve\\": {
          \\"builder\\": \\"@angular-devkit/build-angular:dev-server\\",
          \\"configurations\\": {
            \\"production\\": {
              \\"browserTarget\\": \\"schematics-test:build:production\\"
            },
            \\"development\\": {
              \\"browserTarget\\": \\"schematics-test:build:development\\"
            }
          },
          \\"defaultConfiguration\\": \\"development\\"
        },
        \\"extract-i18n\\": {
          \\"builder\\": \\"@angular-devkit/build-angular:extract-i18n\\",
          \\"options\\": {
            \\"browserTarget\\": \\"schematics-test:build\\"
          }
        },
        \\"test\\": {
          \\"builder\\": \\"@angular-devkit/build-angular:karma\\",
          \\"options\\": {
            \\"main\\": \\"src/test.ts\\",
            \\"polyfills\\": \\"src/polyfills.ts\\",
            \\"tsConfig\\": \\"tsconfig.spec.json\\",
            \\"karmaConfig\\": \\"karma.conf.js\\",
            \\"inlineStyleLanguage\\": \\"scss\\",
            \\"assets\\": [
              \\"src/favicon.ico\\",
              \\"src/assets\\"
            ],
            \\"styles\\": [
              \\"src/styles.scss\\",
              \\"src/styles/spartacus/product.scss\\"
            ],
            \\"scripts\\": [],
            \\"stylePreprocessorOptions\\": {
              \\"includePaths\\": [
                \\"node_modules/\\"
              ]
            }
          }
        }
      }
    }
  }
}"
`;
